node.exe : npm warn 
invalid config omit="" 
set in C:\Users\ramda\On
eDrive\Desktop\MY WORKSP
ACE\bachloroom\.npmrc
At line:1 char:1
+ & "C:\Program 
Files\nodejs/node.exe" 
"C:\Program 
Files\nodejs/node_mo ...
+ ~~~~~~~~~~~~~~~~~~~~~~
~~~~~~~~~~~~~~~~~~~~~~~~
~~~~~~~~~~~~~~~~~~~~~~~
    + CategoryInfo      
        : NotSpecified: 
(n    pm warn 
invali...chlo    
room\.npmrc:String) [   
 ], RemoteException
    + 
FullyQualifiedError    
Id : NativeCommandErr   
 or
 
npm warn invalid config 
Must be one or more of: 
dev, optional, peer
src/App.tsx(48,45): error TS2503: Cannot find namespace 'React'.
src/App.tsx(58,51): error TS2503: Cannot find namespace 'React'.
src/App.tsx(72,51): error TS2503: Cannot find namespace 'React'.
